[backblue.gif]
[fade.gif]
[index.html]
[www.devitis.com/images/pagebk.gif]
[www.devitis.com/images/logo.gif]
[www.devitis.com/images/Headerbk.gif]
[www.devitis.com/images/Header_menu.gif]
[www.devitis.com/images/dot.gif]
[www.devitis.com/images/readmorelt.gif]
[www.devitis.com/images/todayspecial.gif]
[www.devitis.com/tourimage/1182006101932.jpg]
[www.devitis.com/pic.png]
[www.devitis.com/nopic.png]
[www.devitis.com/tourimage/126200612469.jpg]
[www.devitis.com/tourimage/11152006104925.jpg]
[www.devitis.com/images/allweek.gif]
[www.devitis.com/images/whatsnew.gif]
[www.devitis.com/index.html]
[www.devitis.com/devitisb299.html]
[www.devitis.com/thumbs/129200303333.low.jpg]
[www.devitis.com/thumbs/7262004104644.low.jpg]
[www.devitis.com/thumbs/7262004105010.low.jpg]
[www.devitis.com/thumbs/7262004124647.low.jpg]
[www.devitis.com/thumbs/7262004125049.low.jpg]
[www.devitis.com/thumbs/7262004125441.low.jpg]
[www.devitis.com/thumbs/7262004125811.low.jpg]
[www.devitis.com/thumbs/726200415539.low.jpg]
[www.devitis.com/thumbs/7272004132247.low.jpg]
[www.devitis.com/thumbs/2142005142014.low.jpg]
[www.devitis.com/thumbs/2142005142229.low.jpg]
[www.devitis.com/devitiseb03.html]
[www.devitis.com/thumbs/2142005142519.low.jpg]
[www.devitis.com/devitis5b4a.html]
[www.devitis.com/devitis6c83.html]
[www.devitis.com/devitise70b.html]
[www.devitis.com/tourimage/1262006125648.jpg]
[www.devitis.com/tourimage/119200694117.jpg]
[www.devitis.com/tourimage/119200694429.jpg]
[www.devitis.com/tourimage/11920069219.jpg]
[www.devitis.com/tourimage/126200612196.jpg]
[www.devitis.com/tourimage/126200612824.jpg]
[www.devitis.com/tourimage/1262006121159.jpg]
[www.devitis.com/devitisb27a.html]
[www.devitis.com/tourimage/11152006105944.jpg]
[www.devitis.com/devitisde51.html]
[www.devitis.com/thumbs/1182006101932.low.jpg]
[www.devitis.com/thumbs/118200610246.low.jpg]
[www.devitis.com/thumbs/119200684734.low.jpg]
[www.devitis.com/thumbs/119200685151.low.jpg]
[www.devitis.com/thumbs/11920068541.low.jpg]
[www.devitis.com/thumbs/119200685624.low.jpg]
[www.devitis.com/thumbs/119200685910.low.jpg]
[www.devitis.com/thumbs/11920069219.low.jpg]
[www.devitis.com/thumbs/11920069517.low.jpg]
[www.devitis.com/thumbs/11920069652.low.jpg]
[www.devitis.com/thumbs/119200692441.low.jpg]
[www.devitis.com/thumbs/119200693410.low.jpg]
[www.devitis.com/devitis6973.html]
[www.devitis.com/thumbs/119200693726.low.jpg]
[www.devitis.com/thumbs/119200694117.low.jpg]
[www.devitis.com/thumbs/119200694429.low.jpg]
[www.devitis.com/thumbs/119200694551.low.jpg]
[www.devitis.com/thumbs/119200694652.low.jpg]
[www.devitis.com/thumbs/11920069488.low.jpg]
[www.devitis.com/thumbs/119200695823.low.jpg]
[www.devitis.com/thumbs/1115200693358.low.jpg]
[www.devitis.com/thumbs/11152006104925.low.jpg]
[www.devitis.com/thumbs/11152006105127.low.jpg]
[www.devitis.com/thumbs/11152006105553.low.jpg]
[www.devitis.com/thumbs/11152006105944.low.jpg]
[www.devitis.com/devitis68c9.html]
[www.devitis.com/thumbs/1115200611145.low.jpg]
[www.devitis.com/thumbs/126200612824.low.jpg]
[www.devitis.com/thumbs/1262006121159.low.jpg]
[www.devitis.com/thumbs/1262006121619.low.jpg]
[www.devitis.com/thumbs/126200612196.low.jpg]
[www.devitis.com/thumbs/126200612238.low.jpg]
[www.devitis.com/thumbs/1262006122530.low.jpg]
[www.devitis.com/thumbs/1262006122916.low.jpg]
[www.devitis.com/thumbs/1262006123126.low.jpg]
[www.devitis.com/thumbs/1262006123741.low.jpg]
[www.devitis.com/thumbs/1262006123940.low.jpg]
[www.devitis.com/devitis02e3.html]
[www.devitis.com/thumbs/1262006124329.low.jpg]
[www.devitis.com/thumbs/126200612469.low.jpg]
[www.devitis.com/thumbs/1262006125320.low.jpg]
[www.devitis.com/thumbs/1262006125648.low.jpg]
[www.devitis.com/thumbs/1262006125832.low.jpg]
[www.devitis.com/thumbs/1214200613418.low.jpg]
[www.devitis.com/thumbs/1214200613542.low.jpg]
[www.devitis.com/thumbs/1214200613957.low.jpg]
[www.devitis.com/devitis4bf7.html]
[www.devitis.com/tourimage/129200303333.jpg]
[www.devitis.com/viewimage47b1.html]
[www.devitis.com/tourimage/7262004104644.jpg]
[www.devitis.com/viewimageb17c.html]
[www.devitis.com/tourimage/7262004105010.jpg]
[www.devitis.com/viewimageaab6.html]
[www.devitis.com/tourimage/7262004124647.jpg]
[www.devitis.com/viewimage27a0.html]
[www.devitis.com/tourimage/7262004125049.jpg]
[www.devitis.com/viewimage999b.html]
[www.devitis.com/tourimage/7262004125441.jpg]
[www.devitis.com/viewimage0c6d.html]
[www.devitis.com/tourimage/7262004125811.jpg]
[www.devitis.com/viewimageab59.html]
[www.devitis.com/tourimage/726200415539.jpg]
[www.devitis.com/viewimage4c81.html]
[www.devitis.com/tourimage/7272004132247.jpg]
[www.devitis.com/viewimage4a0c.html]
[www.devitis.com/tourimage/2142005142014.jpg]
[www.devitis.com/viewimage7b34.html]
[www.devitis.com/tourimage/2142005142229.jpg]
[www.devitis.com/viewimage9285.html]
[www.devitis.com/tourimage/2142005142519.jpg]
[www.devitis.com/viewimage0c00.html]
[www.devitis.com/tourimage/default.html]
[www.devitis.com/devitis2c40.html]
[www.devitis.com/viewimagefa3e.html]
[www.devitis.com/tourimage/118200610246.jpg]
[www.devitis.com/viewimage5816.html]
[www.devitis.com/tourimage/119200684734.jpg]
[www.devitis.com/viewimage5f29.html]
[www.devitis.com/tourimage/119200685151.jpg]
[www.devitis.com/viewimage2a13.html]
[www.devitis.com/tourimage/11920068541.jpg]
[www.devitis.com/viewimage56c1.html]
[www.devitis.com/tourimage/119200685624.jpg]
[www.devitis.com/viewimage47fa.html]
[www.devitis.com/tourimage/119200685910.jpg]
[www.devitis.com/viewimagecb81.html]
[www.devitis.com/viewimagead45.html]
[www.devitis.com/tourimage/11920069517.jpg]
[www.devitis.com/viewimage716b.html]
[www.devitis.com/tourimage/11920069652.jpg]
[www.devitis.com/viewimage7d6c.html]
[www.devitis.com/tourimage/119200692441.jpg]
[www.devitis.com/viewimage6d08.html]
[www.devitis.com/tourimage/119200693410.jpg]
[www.devitis.com/viewimage43d8.html]
[www.devitis.com/tourimage/119200693726.jpg]
[www.devitis.com/viewimagef964.html]
[www.devitis.com/viewimage24fc.html]
[www.devitis.com/viewimageee6a.html]
[www.devitis.com/tourimage/119200694551.jpg]
[www.devitis.com/viewimagea5e4.html]
[www.devitis.com/tourimage/119200694652.jpg]
[www.devitis.com/viewimage0db7.html]
[www.devitis.com/tourimage/11920069488.jpg]
[www.devitis.com/viewimage5590.html]
[www.devitis.com/tourimage/119200695823.jpg]
[www.devitis.com/viewimage0f8c.html]
[www.devitis.com/tourimage/1115200693358.jpg]
[www.devitis.com/viewimage9ae7.html]
[www.devitis.com/viewimage314f.html]
[www.devitis.com/tourimage/11152006105127.jpg]
[www.devitis.com/viewimage2b04.html]
[www.devitis.com/tourimage/11152006105553.jpg]
[www.devitis.com/viewimage0cab.html]
[www.devitis.com/viewimage1d2d.html]
[www.devitis.com/tourimage/1115200611145.jpg]
[www.devitis.com/viewimage4caa.html]
[www.devitis.com/viewimage2aab.html]
[www.devitis.com/viewimage7e55.html]
[www.devitis.com/tourimage/1262006121619.jpg]
[www.devitis.com/viewimage00d0.html]
[www.devitis.com/viewimagec060.html]
[www.devitis.com/tourimage/126200612238.jpg]
[www.devitis.com/viewimage66c0.html]
[www.devitis.com/tourimage/1262006122530.jpg]
[www.devitis.com/viewimage4d95.html]
[www.devitis.com/tourimage/1262006122916.jpg]
[www.devitis.com/viewimage4f6b.html]
[www.devitis.com/tourimage/1262006123126.jpg]
[www.devitis.com/viewimagea763.html]
[www.devitis.com/tourimage/1262006123741.jpg]
[www.devitis.com/viewimage766a.html]
[www.devitis.com/tourimage/1262006123940.jpg]
[www.devitis.com/viewimaged043.html]
[www.devitis.com/tourimage/1262006124329.jpg]
[www.devitis.com/viewimage5052.html]
[www.devitis.com/viewimageb638.html]
[www.devitis.com/tourimage/1262006125320.jpg]
[www.devitis.com/viewimage1520.html]
[www.devitis.com/viewimage69f3.html]
[www.devitis.com/tourimage/1262006125832.jpg]
[www.devitis.com/viewimagefabf.html]
[www.devitis.com/tourimage/1214200613418.jpg]
[www.devitis.com/viewimage7303.html]
[www.devitis.com/tourimage/1214200613542.jpg]
[www.devitis.com/viewimage63b3.html]
[www.devitis.com/tourimage/1214200613957.jpg]
[www.devitis.com/viewimage511a.html]
